<!DOCTYPE html>
<html>
<head>
<meta http-equiv="content-type" content="text/html; charset=utf-8">
<title>Document Test</title>
<link rel="stylesheet" href="/ELSWAK/css/main.min.css">
<link href="/DataGeneral/css/main.css" rel="stylesheet" media="all">
</head>
<body>
<h1 id="firstHeader">Adding "firstHeader" node</h1>
<h1 id="secondHeader">Adding "secondHeader" node</h1>
<h1 id="thirdHeader">Adding "thirdHeader" node</h1>
<h1 id="fouthHeader">Adding "fourthHeader" node</h1>
<h1 id="fifthHeader">Adding "fifthHeader" node</h1>
<div id="sixthHeader">&lt;h1&gt;Adding "sixthHeader" node&lt;/h1&gt;</div>
<div id="seventhHeader"></div>
<a id="TheAppleLink" title="A REALLY COOL SITE" href="http://www.apple.com">Amazing Computer Company</a><form action="/usr/local/Cellar/phpunit/3.7.30/libexec/phpunit-3.7.30.phar" method="POST"></form>
<div class="ELSWAK-Variable-Dump">
<h1>Post Data</h1>
<dl></dl>
</div>
<h2 style="color: red;">Migrate this H1 to an H2</h2>
<h1 style="color: blue;">Convert and migrate this paragraph html <i>with sub element</i> to an H1</h1>
</body>
</html><fieldset>
<legend>Some inputs</legend>
<div class="field">
<label>Phone Number</label><input id="the phone input" type="text" name="phone" value=""><div class="description">Please enter your phone here</div>
</div>
<div class="field">
<label>PIN Number</label><input id="the pin input" type="password" name="pin" value=""><div class="description">Please enter your PIN here</div>
</div>
<div class="field">
<label>Period</label><div class="input">
<input type="text" name="start" value="Feb 14, 2003"> to <input type="text" name="start" value="Feb 24, 2003">
</div>
</div>
</fieldset><fieldset>
<legend>Some radios</legend>
<input type="radio" name="TheRadio" value="A"><input type="radio" name="TheRadio" value="B"><input type="radio" name="TheRadio" value="C"><input type="radio" name="TheRadio" value="D">
</fieldset><fieldset>
<legend>Some chcekboxes</legend>
<input type="checkbox" name="TheCheckBox1" value="YES"><input type="checkbox" name="TheCheckBox2" value="YES"><input type="checkbox" name="TheCheckBox3" value="YES"><input type="checkbox" name="TheCheckBox4" value="YES">
</fieldset><fieldset>
<legend>Some labeled checkboxes</legend>
<label><input type="checkbox" name="TheLabeledCheckBox1" value="YES">Checkboxes are great</label><label><input type="checkbox" name="TheLabeledCheckBox2" value="YES">Checkboxes are awesome</label><label><input type="checkbox" name="TheLabeledCheckBox3" value="YES">Checkboxes are stupendous</label><label><input type="checkbox" name="TheLabeledCheckBox4" value="YES">Checkboxes are just ok</label>
</fieldset><fieldset>
<legend>Some selects</legend>
<select name="TheSelect1"><option>Please select a State</option>
<option disabled></option>
<option value="MS">Mississippi</option>
<option value="KY">Kentucky</option>
<option value="TN">Tennessee</option>
<option value="AL">Alabama</option></select><select name="TheSelect2"><option value="">Please select a State</option>
<option disabled></option>
<option value="MS">Mississippi</option>
<option value="KY">Kentucky</option>
<option value="TN">Tennessee</option>
<option value="AL">Alabama</option></select><select name="TheSelect3"><option>Please select a different State</option>
<option disabled></option>
<option value="MS">Mississippi</option>
<option value="KY">Kentucky</option>
<option value="TN">Tennessee</option>
<option value="AL">Alabama</option></select><select name="TheSelect4"><option value=""></option>
<option disabled></option>
<option value="MS">Mississippi</option>
<option value="KY">Kentucky</option>
<option value="TN">Tennessee</option>
<option value="AL">Alabama</option></select>
</fieldset><fieldset>
<input type="button" name="Button" value="The Button"><input type="reset" name="Reset" value="The Reset"><input type="submit" name="Submit" value="The Submit">
</fieldset>
